#66 /home/sarthakedge/htdocs/sarthakedge.com/php_code_live/vendor/laravel/framework/src/Illuminate/Pipeline/Pipeline.php(183): Illuminate\\Foundation\\Http\\Middleware\\TrimStrings->handle()
#67 /home/sarthakedge/htdocs/sarthakedge.com/php_code_live/vendor/laravel/framework/src/Illuminate/Foundation/Http/Middleware/ValidatePostSize.php(27): Illuminate\\Pipeline\\Pipeline->{closure:{closure:Illuminate\\Pipeline\\Pipeline::carry():158}:159}()
#68 /home/sarthakedge/htdocs/sarthakedge.com/php_code_live/vendor/laravel/framework/src/Illuminate/Pipeline/Pipeline.php(183): Illuminate\\Foundation\\Http\\Middleware\\ValidatePostSize->handle()
#69 /home/sarthakedge/htdocs/sarthakedge.com/php_code_live/vendor/laravel/framework/src/Illuminate/Foundation/Http/Middleware/PreventRequestsDuringMaintenance.php(99): Illuminate\\Pipeline\\Pipeline->{closure:{closure:Illuminate\\Pipeline\\Pipeline::carry():158}:159}()
#70 /home/sarthakedge/htdocs/sarthakedge.com/php_code_live/vendor/laravel/framework/src/Illuminate/Pipeline/Pipeline.php(183): Illuminate\\Foundation\\Http\\Middleware\\PreventRequestsDuringMaintenance->handle()
#71 /home/sarthakedge/htdocs/sarthakedge.com/php_code_live/vendor/laravel/framework/src/Illuminate/Http/Middleware/HandleCors.php(49): Illuminate\\Pipeline\\Pipeline->{closure:{closure:Illuminate\\Pipeline\\Pipeline::carry():158}:159}()
#72 /home/sarthakedge/htdocs/sarthakedge.com/php_code_live/vendor/laravel/framework/src/Illuminate/Pipeline/Pipeline.php(183): Illuminate\\Http\\Middleware\\HandleCors->handle()
#73 /home/sarthakedge/htdocs/sarthakedge.com/php_code_live/vendor/laravel/framework/src/Illuminate/Http/Middleware/TrustProxies.php(39): Illuminate\\Pipeline\\Pipeline->{closure:{closure:Illuminate\\Pipeline\\Pipeline::carry():158}:159}()
#74 /home/sarthakedge/htdocs/sarthakedge.com/php_code_live/vendor/laravel/framework/src/Illuminate/Pipeline/Pipeline.php(183): Illuminate\\Http\\Middleware\\TrustProxies->handle()
#75 /home/sarthakedge/htdocs/sarthakedge.com/php_code_live/vendor/laravel/framework/src/Illuminate/Pipeline/Pipeline.php(119): Illuminate\\Pipeline\\Pipeline->{closure:{closure:Illuminate\\Pipeline\\Pipeline::carry():158}:159}()
#76 /home/sarthakedge/htdocs/sarthakedge.com/php_code_live/vendor/laravel/framework/src/Illuminate/Foundation/Http/Kernel.php(175): Illuminate\\Pipeline\\Pipeline->then()
#77 /home/sarthakedge/htdocs/sarthakedge.com/php_code_live/vendor/laravel/framework/src/Illuminate/Foundation/Http/Kernel.php(144): Illuminate\\Foundation\\Http\\Kernel->sendRequestThroughRouter()
#78 /home/sarthakedge/htdocs/sarthakedge.com/php_code_live/public/index.php(51): Illuminate\\Foundation\\Http\\Kernel->handle()
#79 {main}

[previous exception] [object] (Illuminate\\View\\ViewException(code: 0): Property [name] does not exist on this collection instance. (View: /home/sarthakedge/htdocs/sarthakedge.com/php_code_live/resources/views/layouts/header.blade.php) at /home/sarthakedge/htdocs/sarthakedge.com/php_code_live/vendor/laravel/framework/src/Illuminate/Collections/Traits/EnumeratesValues.php:1011)
[stacktrace]
#0 /home/sarthakedge/htdocs/sarthakedge.com/php_code_live/vendor/laravel/framework/src/Illuminate/View/Engines/PhpEngine.php(60): Illuminate\\View\\Engines\\CompilerEngine->handleViewException()
#1 /home/sarthakedge/htdocs/sarthakedge.com/php_code_live/vendor/laravel/framework/src/Illuminate/View/Engines/CompilerEngine.php(72): Illuminate\\View\\Engines\\PhpEngine->evaluatePath()
#2 /home/sarthakedge/htdocs/sarthakedge.com/php_code_live/vendor/laravel/framework/src/Illuminate/View/View.php(207): Illuminate\\View\\Engines\\CompilerEngine->get()
#3 /home/sarthakedge/htdocs/sarthakedge.com/php_code_live/vendor/laravel/framework/src/Illuminate/View/View.php(190): Illuminate\\View\\View->getContents()
#4 /home/sarthakedge/htdocs/sarthakedge.com/php_code_live/vendor/laravel/framework/src/Illuminate/View/View.php(159): Illuminate\\View\\View->renderContents()
#5 /home/sarthakedge/htdocs/sarthakedge.com/php_code_live/storage/framework/views/87a0c89a211e4b4be1daea2f598769c2.php(34): Illuminate\\View\\View->render()
#6 /home/sarthakedge/htdocs/sarthakedge.com/php_code_live/vendor/laravel/framework/src/Illuminate/Filesystem/Filesystem.php(123): require('...')
#7 /home/sarthakedge/htdocs/sarthakedge.com/php_code_live/vendor/laravel/framework/src/Illuminate/Filesystem/Filesystem.php(124): Illuminate\\Filesystem\\Filesystem::{closure:Illuminate\\Filesystem\\Filesystem::getRequire():120}()
#8 /home/sarthakedge/htdocs/sarthakedge.com/php_code_live/vendor/laravel/framework/src/Illuminate/View/Engines/PhpEngine.php(58): Illuminate\\Filesystem\\Filesystem->getRequire()
#9 /home/sarthakedge/htdocs/sarthakedge.com/php_code_live/vendor/laravel/framework/src/Illuminate/View/Engines/CompilerEngine.php(72): Illuminate\\View\\Engines\\PhpEngine->evaluatePath()
#10 /home/sarthakedge/htdocs/sarthakedge.com/php_code_live/vendor/laravel/framework/src/Illuminate/View/View.php(207): Illuminate\\View\\Engines\\CompilerEngine->get()
#11 /home/sarthakedge/htdocs/sarthakedge.com/php_code_live/vendor/laravel/framework/src/Illuminate/View/View.php(190): Illuminate\\View\\View->getContents()
#12 /home/sarthakedge/htdocs/sarthakedge.com/php_code_live/vendor/laravel/framework/src/Illuminate/View/View.php(159): Illuminate\\View\\View->renderContents()
#13 /home/sarthakedge/htdocs/sarthakedge.com/php_code_live/storage/framework/views/00e864d10e771049f12d49e031a45f8f.php(1174): Illuminate\\View\\View->render()
#14 /home/sarthakedge/htdocs/sarthakedge.com/php_code_live/vendor/laravel/framework/src/Illuminate/Filesystem/Filesystem.php(123): require('...')
#15 /home/sarthakedge/htdocs/sarthakedge.com/php_code_live/vendor/laravel/framework/src/Illuminate/Filesystem/Filesystem.php(124): Illuminate\\Filesystem\\Filesystem::{closure:Illuminate\\Filesystem\\Filesystem::getRequire():120}()
#16 /home/sarthakedge/htdocs/sarthakedge.com/php_code_live/vendor/laravel/framework/src/Illuminate/View/Engines/PhpEngine.php(58): Illuminate\\Filesystem\\Filesystem->getRequire()
#17 /home/sarthakedge/htdocs/sarthakedge.com/php_code_live/vendor/laravel/framework/src/Illuminate/View/Engines/CompilerEngine.php(72): Illuminate\\View\\Engines\\PhpEngine->evaluatePath()
#18 /home/sarthakedge/htdocs/sarthakedge.com/php_code_live/vendor/laravel/framework/src/Illuminate/View/View.php(207): Illuminate\\View\\Engines\\CompilerEngine->get()
#19 /home/sarthakedge/htdocs/sarthakedge.com/php_code_live/vendor/laravel/framework/src/Illuminate/View/View.php(190): Illuminate\\View\\View->getContents()
#20 /home/sarthakedge/htdocs/sarthakedge.com/php_code_live/vendor/laravel/framework/src/Illuminate/View/View.php(159): Illuminate\\View\\View->renderContents()
#21 /home/sarthakedge/htdocs/sarthakedge.com/php_code_live/vendor/laravel/framework/src/Illuminate/Http/Response.php(69): Illuminate\\View\\View->render()
#22 /home/sarthakedge/htdocs/sarthakedge.com/php_code_live/vendor/laravel/framework/src/Illuminate/Http/Response.php(35): Illuminate\\Http\\Response->setContent()
#23 /home/sarthakedge/htdocs/sarthakedge.com/php_code_live/vendor/laravel/framework/src/Illuminate/Routing/Router.php(918): Illuminate\\Http\\Response->__construct()
#24 /home/sarthakedge/htdocs/sarthakedge.com/php_code_live/vendor/laravel/framework/src/Illuminate/Routing/Router.php(885): Illuminate\\Routing\\Router::toResponse()
#25 /home/sarthakedge/htdocs/sarthakedge.com/php_code_live/vendor/laravel/framework/src/Illuminate/Routing/Router.php(805): Illuminate\\Routing\\Router->prepareResponse()
#26 /home/sarthakedge/htdocs/sarthakedge.com/php_code_live/vendor/laravel/framework/src/Illuminate/Pipeline/Pipeline.php(144): Illuminate\\Routing\\Router->{closure:Illuminate\\Routing\\Router::runRouteWithinStack():805}()
#27 /home/sarthakedge/htdocs/sarthakedge.com/php_code_live/app/Http/Middleware/CheckTwoFactorAuthenticated.php(40): Illuminate\\Pipeline\\Pipeline->{closure:Illuminate\\Pipeline\\Pipeline::prepareDestination():142}()
#28 /home/sarthakedge/htdocs/sarthakedge.com/php_code_live/vendor/laravel/framework/src/Illuminate/Pipeline/Pipeline.php(183): App\\Http\\Middleware\\CheckTwoFactorAuthenticated->handle()
#29 /home/sarthakedge/htdocs/sarthakedge.com/php_code_live/app/Http/Middleware/CheckForMaintenanceMode.php(32): Illuminate\\Pipeline\\Pipeline->{closure:{closure:Illuminate\\Pipeline\\Pipeline::carry():158}:159}()
#30 /home/sarthakedge/htdocs/sarthakedge.com/php_code_live/vendor/laravel/framework/src/Illuminate/Pipeline/Pipeline.php(183): App\\Http\\Middleware\\CheckForMaintenanceMode->handle()
#31 /home/sarthakedge/htdocs/sarthakedge.com/php_code_live/app/Http/Middleware/MustVerifyEmail.php(33): Illuminate\\Pipeline\\Pipeline->{closure:{closure:Illuminate\\Pipeline\\Pipeline::carry():158}:159}()
#32 /home/sarthakedge/htdocs/sarthakedge.com/php_code_live/vendor/laravel/framework/src/Illuminate/Pipeline/Pipeline.php(183): App\\Http\\Middleware\\MustVerifyEmail->handle()
#33 /home/sarthakedge/htdocs/sarthakedge.com/php_code_live/app/Http/Middleware/SwitchDatabase.php(55): Illuminate\\Pipeline\\Pipeline->{closure:{closure:Illuminate\\Pipeline\\Pipeline::carry():158}:159}()
#34 /home/sarthakedge/htdocs/sarthakedge.com/php_code_live/vendor/laravel/framework/src/Illuminate/Pipeline/Pipeline.php(183): App\\Http\\Middleware\\SwitchDatabase->handle()
#35 /home/sarthakedge/htdocs/sarthakedge.com/php_code_live/app/Http/Middleware/Status.php(42): Illuminate\\Pipeline\\Pipeline->{closure:{closure:Illuminate\\Pipeline\\Pipeline::carry():158}:159}()
#36 /home/sarthakedge/htdocs/sarthakedge.com/php_code_live/vendor/laravel/framework/src/Illuminate/Pipeline/Pipeline.php(183): App\\Http\\Middleware\\Status->handle()
#37 /home/sarthakedge/htdocs/sarthakedge.com/php_code_live/app/Http/Middleware/CheckSchoolStatus.php(107): Illuminate\\Pipeline\\Pipeline->{closure:{closure:Illuminate\\Pipeline\\Pipeline::carry():158}:159}()
#38 /home/sarthakedge/htdocs/sarthakedge.com/php_code_live/vendor/laravel/framework/src/Illuminate/Pipeline/Pipeline.php(183): App\\Http\\Middleware\\CheckSchoolStatus->handle()
#39 /home/sarthakedge/htdocs/sarthakedge.com/php_code_live/app/Http/Middleware/CheckRole.php(38): Illuminate\\Pipeline\\Pipeline->{closure:{closure:Illuminate\\Pipeline\\Pipeline::carry():158}:159}()
#40 /home/sarthakedge/htdocs/sarthakedge.com/php_code_live/vendor/laravel/framework/src/Illuminate/Pipeline/Pipeline.php(183): App\\Http\\Middleware\\CheckRole->handle()
#41 /home/sarthakedge/htdocs/sarthakedge.com/php_code_live/app/Http/Middleware/WizardSettings.php(29): Illuminate\\Pipeline\\Pipeline->{closure:{closure:Illuminate\\Pipeline\\Pipeline::carry():158}:159}()
#42 /home/sarthakedge/htdocs/sarthakedge.com/php_code_live/vendor/laravel/framework/src/Illuminate/Pipeline/Pipeline.php(183): App\\Http\\Middleware\\WizardSettings->handle()
#43 /home/sarthakedge/htdocs/sarthakedge.com/php_code_live/app/Http/Middleware/LanguageManager.php(61): Illuminate\\Pipeline\\Pipeline->{closure:{closure:Illuminate\\Pipeline\\Pipeline::carry():158}:159}()
#44 /home/sarthakedge/htdocs/sarthakedge.com/php_code_live/vendor/laravel/framework/src/Illuminate/Pipeline/Pipeline.php(183): App\\Http\\Middleware\\LanguageManager->handle()
#45 /home/sarthakedge/htdocs/sarthakedge.com/php_code_live/app/Http/Middleware/DemoMiddleware.php(68): Illuminate\\Pipeline\\Pipeline->{closure:{closure:Illuminate\\Pipeline\\Pipeline::carry():158}:159}()
#46 /home/sarthakedge/htdocs/sarthakedge.com/php_code_live/vendor/laravel/framework/src/Illuminate/Pipeline/Pipeline.php(183): App\\Http\\Middleware\\DemoMiddleware->handle()
#47 /home/sarthakedge/htdocs/sarthakedge.com/php_code_live/vendor/laravel/framework/src/Illuminate/Routing/Middleware/SubstituteBindings.php(50): Illuminate\\Pipeline\\Pipeline->{closure:{closure:Illuminate\\Pipeline\\Pipeline::carry():158}:159}()
#48 /home/sarthakedge/htdocs/sarthakedge.com/php_code_live/vendor/laravel/framework/src/Illuminate/Pipeline/Pipeline.php(183): Illuminate\\Routing\\Middleware\\SubstituteBindings->handle()
#49 /home/sarthakedge/htdocs/sarthakedge.com/php_code_live/vendor/laravel/framework/src/Illuminate/Foundation/Http/Middleware/VerifyCsrfToken.php(78): Illuminate\\Pipeline\\Pipeline->{closure:{closure:Illuminate\\Pipeline\\Pipeline::carry():158}:159}()
#50 /home/sarthakedge/htdocs/sarthakedge.com/php_code_live/vendor/laravel/framework/src/Illuminate/Pipeline/Pipeline.php(183): Illuminate\\Foundation\\Http\\Middleware\\VerifyCsrfToken->handle()
#51 /home/sarthakedge/htdocs/sarthakedge.com/php_code_live/vendor/laravel/framework/src/Illuminate/View/Middleware/ShareErrorsFromSession.php(49): Illuminate\\Pipeline\\Pipeline->{closure:{closure:Illuminate\\Pipeline\\Pipeline::carry():158}:159}()
#52 /home/sarthakedge/htdocs/sarthakedge.com/php_code_live/vendor/laravel/framework/src/Illuminate/Pipeline/Pipeline.php(183): Illuminate\\View\\Middleware\\ShareErrorsFromSession->handle()
#53 /home/sarthakedge/htdocs/sarthakedge.com/php_code_live/vendor/laravel/framework/src/Illuminate/Session/Middleware/StartSession.php(121): Illuminate\\Pipeline\\Pipeline->{closure:{closure:Illuminate\\Pipeline\\Pipeline::carry():158}:159}()
#54 /home/sarthakedge/htdocs/sarthakedge.com/php_code_live/vendor/laravel/framework/src/Illuminate/Session/Middleware/StartSession.php(64): Illuminate\\Session\\Middleware\\StartSession->handleStatefulRequest()
#55 /home/sarthakedge/htdocs/sarthakedge.com/php_code_live/vendor/laravel/framework/src/Illuminate/Pipeline/Pipeline.php(183): Illuminate\\Session\\Middleware\\StartSession->handle()
#56 /home/sarthakedge/htdocs/sarthakedge.com/php_code_live/vendor/laravel/framework/src/Illuminate/Cookie/Middleware/AddQueuedCookiesToResponse.php(37): Illuminate\\Pipeline\\Pipeline->{closure:{closure:Illuminate\\Pipeline\\Pipeline::carry():158}:159}()
#57 /home/sarthakedge/htdocs/sarthakedge.com/php_code_live/vendor/laravel/framework/src/Illuminate/Pipeline/Pipeline.php(183): Illuminate\\Cookie\\Middleware\\AddQueuedCookiesToResponse->handle()
#58 /home/sarthakedge/htdocs/sarthakedge.com/php_code_live/vendor/laravel/framework/src/Illuminate/Cookie/Middleware/EncryptCookies.php(67): Illuminate\\Pipeline\\Pipeline->{closure:{closure:Illuminate\\Pipeline\\Pipeline::carry():158}:159}()
#59 /home/sarthakedge/htdocs/sarthakedge.com/php_code_live/vendor/laravel/framework/src/Illuminate/Pipeline/Pipeline.php(183): Illuminate\\Cookie\\Middleware\\EncryptCookies->handle()
#60 /home/sarthakedge/htdocs/sarthakedge.com/php_code_live/packages/laravel-wizard-installer/src/Middleware/ToInstallMiddleware.php(39): Illuminate\\Pipeline\\Pipeline->{closure:{closure:Illuminate\\Pipeline\\Pipeline::carry():158}:159}()
#61 /home/sarthakedge/htdocs/sarthakedge.com/php_code_live/vendor/laravel/framework/src/Illuminate/Pipeline/Pipeline.php(183): dacoto\\LaravelWizardInstaller\\Middleware\\ToInstallMiddleware->handle()
#62 /home/sarthakedge/htdocs/sarthakedge.com/php_code_live/vendor/laravel/framework/src/Illuminate/Pipeline/Pipeline.php(119): Illuminate\\Pipeline\\Pipeline->{closure:{closure:Illuminate\\Pipeline\\Pipeline::carry():158}:159}()
#63 /home/sarthakedge/htdocs/sarthakedge.com/php_code_live/vendor/laravel/framework/src/Illuminate/Routing/Router.php(805): Illuminate\\Pipeline\\Pipeline->then()
#64 /home/sarthakedge/htdocs/sarthakedge.com/php_code_live/vendor/laravel/framework/src/Illuminate/Routing/Router.php(784): Illuminate\\Routing\\Router->runRouteWithinStack()
#65 /home/sarthakedge/htdocs/sarthakedge.com/php_code_live/vendor/laravel/framework/src/Illuminate/Routing/Router.php(748): Illuminate\\Routing\\Router->runRoute()
#66 /home/sarthakedge/htdocs/sarthakedge.com/php_code_live/vendor/laravel/framework/src/Illuminate/Routing/Router.php(737): Illuminate\\Routing\\Router->dispatchToRoute()
#67 /home/sarthakedge/htdocs/sarthakedge.com/php_code_live/vendor/laravel/framework/src/Illuminate/Foundation/Http/Kernel.php(200): Illuminate\\Routing\\Router->dispatch()
#68 /home/sarthakedge/htdocs/sarthakedge.com/php_code_live/vendor/laravel/framework/src/Illuminate/Pipeline/Pipeline.php(144): Illuminate\\Foundation\\Http\\Kernel->{closure:Illuminate\\Foundation\\Http\\Kernel::dispatchToRouter():197}()
#69 /home/sarthakedge/htdocs/sarthakedge.com/php_code_live/vendor/laravel/framework/src/Illuminate/Foundation/Http/Middleware/TransformsRequest.php(21): Illuminate\\Pipeline\\Pipeline->{closure:Illuminate\\Pipeline\\Pipeline::prepareDestination():142}()
#70 /home/sarthakedge/htdocs/sarthakedge.com/php_code_live/vendor/laravel/framework/src/Illuminate/Foundation/Http/Middleware/ConvertEmptyStringsToNull.php(31): Illuminate\\Foundation\\Http\\Middleware\\TransformsRequest->handle()
#71 /home/sarthakedge/htdocs/sarthakedge.com/php_code_live/vendor/laravel/framework/src/Illuminate/Pipeline/Pipeline.php(183): Illuminate\\Foundation\\Http\\Middleware\\ConvertEmptyStringsToNull->handle()
#72 /home/sarthakedge/htdocs/sarthakedge.com/php_code_live/vendor/laravel/framework/src/Illuminate/Foundation/Http/Middleware/TransformsRequest.php(21): Illuminate\\Pipeline\\Pipeline->{closure:{closure:Illuminate\\Pipeline\\Pipeline::carry():158}:159}()
#73 /home/sarthakedge/htdocs/sarthakedge.com/php_code_live/vendor/laravel/framework/src/Illuminate/Foundation/Http/Middleware/TrimStrings.php(40): Illuminate\\Foundation\\Http\\Middleware\\TransformsRequest->handle()
#74 /home/sarthakedge/htdocs/sarthakedge.com/php_code_live/vendor/laravel/framework/src/Illuminate/Pipeline/Pipeline.php(183): Illuminate\\Foundation\\Http\\Middleware\\TrimStrings->handle()
#75 /home/sarthakedge/htdocs/sarthakedge.com/php_code_live/vendor/laravel/framework/src/Illuminate/Foundation/Http/Middleware/ValidatePostSize.php(27): Illuminate\\Pipeline\\Pipeline->{closure:{closure:Illuminate\\Pipeline\\Pipeline::carry():158}:159}()
#76 /home/sarthakedge/htdocs/sarthakedge.com/php_code_live/vendor/laravel/framework/src/Illuminate/Pipeline/Pipeline.php(183): Illuminate\\Foundation\\Http\\Middleware\\ValidatePostSize->handle()
#77 /home/sarthakedge/htdocs/sarthakedge.com/php_code_live/vendor/laravel/framework/src/Illuminate/Foundation/Http/Middleware/PreventRequestsDuringMaintenance.php(99): Illuminate\\Pipeline\\Pipeline->{closure:{closure:Illuminate\\Pipeline\\Pipeline::carry():158}:159}()
#78 /home/sarthakedge/htdocs/sarthakedge.com/php_code_live/vendor/laravel/framework/src/Illuminate/Pipeline/Pipeline.php(183): Illuminate\\Foundation\\Http\\Middleware\\PreventRequestsDuringMaintenance->handle()
#79 /home/sarthakedge/htdocs/sarthakedge.com/php_code_live/vendor/laravel/framework/src/Illuminate/Http/Middleware/HandleCors.php(49): Illuminate\\Pipeline\\Pipeline->{closure:{closure:Illuminate\\Pipeline\\Pipeline::carry():158}:159}()
#80 /home/sarthakedge/htdocs/sarthakedge.com/php_code_live/vendor/laravel/framework/src/Illuminate/Pipeline/Pipeline.php(183): Illuminate\\Http\\Middleware\\HandleCors->handle()
#81 /home/sarthakedge/htdocs/sarthakedge.com/php_code_live/vendor/laravel/framework/src/Illuminate/Http/Middleware/TrustProxies.php(39): Illuminate\\Pipeline\\Pipeline->{closure:{closure:Illuminate\\Pipeline\\Pipeline::carry():158}:159}()
#82 /home/sarthakedge/htdocs/sarthakedge.com/php_code_live/vendor/laravel/framework/src/Illuminate/Pipeline/Pipeline.php(183): Illuminate\\Http\\Middleware\\TrustProxies->handle()
#83 /home/sarthakedge/htdocs/sarthakedge.com/php_code_live/vendor/laravel/framework/src/Illuminate/Pipeline/Pipeline.php(119): Illuminate\\Pipeline\\Pipeline->{closure:{closure:Illuminate\\Pipeline\\Pipeline::carry():158}:159}()
#84 /home/sarthakedge/htdocs/sarthakedge.com/php_code_live/vendor/laravel/framework/src/Illuminate/Foundation/Http/Kernel.php(175): Illuminate\\Pipeline\\Pipeline->then()
#85 /home/sarthakedge/htdocs/sarthakedge.com/php_code_live/vendor/laravel/framework/src/Illuminate/Foundation/Http/Kernel.php(144): Illuminate\\Foundation\\Http\\Kernel->sendRequestThroughRouter()
#86 /home/sarthakedge/htdocs/sarthakedge.com/php_code_live/public/index.php(51): Illuminate\\Foundation\\Http\\Kernel->handle()
#87 {main}

[previous exception] [object] (Exception(code: 0): Property [name] does not exist on this collection instance. at /home/sarthakedge/htdocs/sarthakedge.com/php_code_live/vendor/laravel/framework/src/Illuminate/Collections/Traits/EnumeratesValues.php:1011)
[stacktrace]
#0 /home/sarthakedge/htdocs/sarthakedge.com/php_code_live/storage/framework/views/3bb062be093c8b4be47a87da3a00df9c.php(49): Illuminate\\Support\\Collection->__get()
#1 /home/sarthakedge/htdocs/sarthakedge.com/php_code_live/vendor/laravel/framework/src/Illuminate/Filesystem/Filesystem.php(123): require('...')
#2 /home/sarthakedge/htdocs/sarthakedge.com/php_code_live/vendor/laravel/framework/src/Illuminate/Filesystem/Filesystem.php(124): Illuminate\\Filesystem\\Filesystem::{closure:Illuminate\\Filesystem\\Filesystem::getRequire():120}()
#3 /home/sarthakedge/htdocs/sarthakedge.com/php_code_live/vendor/laravel/framework/src/Illuminate/View/Engines/PhpEngine.php(58): Illuminate\\Filesystem\\Filesystem->getRequire()
#4 /home/sarthakedge/htdocs/sarthakedge.com/php_code_live/vendor/laravel/framework/src/Illuminate/View/Engines/CompilerEngine.php(72): Illuminate\\View\\Engines\\PhpEngine->evaluatePath()
#5 /home/sarthakedge/htdocs/sarthakedge.com/php_code_live/vendor/laravel/framework/src/Illuminate/View/View.php(207): Illuminate\\View\\Engines\\CompilerEngine->get()
#6 /home/sarthakedge/htdocs/sarthakedge.com/php_code_live/vendor/laravel/framework/src/Illuminate/View/View.php(190): Illuminate\\View\\View->getContents()
#7 /home/sarthakedge/htdocs/sarthakedge.com/php_code_live/vendor/laravel/framework/src/Illuminate/View/View.php(159): Illuminate\\View\\View->renderContents()
#8 /home/sarthakedge/htdocs/sarthakedge.com/php_code_live/storage/framework/views/87a0c89a211e4b4be1daea2f598769c2.php(34): Illuminate\\View\\View->render()
#9 /home/sarthakedge/htdocs/sarthakedge.com/php_code_live/vendor/laravel/framework/src/Illuminate/Filesystem/Filesystem.php(123): require('...')
#10 /home/sarthakedge/htdocs/sarthakedge.com/php_code_live/vendor/laravel/framework/src/Illuminate/Filesystem/Filesystem.php(124): Illuminate\\Filesystem\\Filesystem::{closure:Illuminate\\Filesystem\\Filesystem::getRequire():120}()
#11 /home/sarthakedge/htdocs/sarthakedge.com/php_code_live/vendor/laravel/framework/src/Illuminate/View/Engines/PhpEngine.php(58): Illuminate\\Filesystem\\Filesystem->getRequire()
#12 /home/sarthakedge/htdocs/sarthakedge.com/php_code_live/vendor/laravel/framework/src/Illuminate/View/Engines/CompilerEngine.php(72): Illuminate\\View\\Engines\\PhpEngine->evaluatePath()
#13 /home/sarthakedge/htdocs/sarthakedge.com/php_code_live/vendor/laravel/framework/src/Illuminate/View/View.php(207): Illuminate\\View\\Engines\\CompilerEngine->get()
#14 /home/sarthakedge/htdocs/sarthakedge.com/php_code_live/vendor/laravel/framework/src/Illuminate/View/View.php(190): Illuminate\\View\\View->getContents()
#15 /home/sarthakedge/htdocs/sarthakedge.com/php_code_live/vendor/laravel/framework/src/Illuminate/View/View.php(159): Illuminate\\View\\View->renderContents()
#16 /home/sarthakedge/htdocs/sarthakedge.com/php_code_live/storage/framework/views/00e864d10e771049f12d49e031a45f8f.php(1174): Illuminate\\View\\View->render()
#17 /home/sarthakedge/htdocs/sarthakedge.com/php_code_live/vendor/laravel/framework/src/Illuminate/Filesystem/Filesystem.php(123): require('...')
#18 /home/sarthakedge/htdocs/sarthakedge.com/php_code_live/vendor/laravel/framework/src/Illuminate/Filesystem/Filesystem.php(124): Illuminate\\Filesystem\\Filesystem::{closure:Illuminate\\Filesystem\\Filesystem::getRequire():120}()
#19 /home/sarthakedge/htdocs/sarthakedge.com/php_code_live/vendor/laravel/framework/src/Illuminate/View/Engines/PhpEngine.php(58): Illuminate\\Filesystem\\Filesystem->getRequire()
#20 /home/sarthakedge/htdocs/sarthakedge.com/php_code_live/vendor/laravel/framework/src/Illuminate/View/Engines/CompilerEngine.php(72): Illuminate\\View\\Engines\\PhpEngine->evaluatePath()
#21 /home/sarthakedge/htdocs/sarthakedge.com/php_code_live/vendor/laravel/framework/src/Illuminate/View/View.php(207): Illuminate\\View\\Engines\\CompilerEngine->get()
#22 /home/sarthakedge/htdocs/sarthakedge.com/php_code_live/vendor/laravel/framework/src/Illuminate/View/View.php(190): Illuminate\\View\\View->getContents()
#23 /home/sarthakedge/htdocs/sarthakedge.com/php_code_live/vendor/laravel/framework/src/Illuminate/View/View.php(159): Illuminate\\View\\View->renderContents()
#24 /home/sarthakedge/htdocs/sarthakedge.com/php_code_live/vendor/laravel/framework/src/Illuminate/Http/Response.php(69): Illuminate\\View\\View->render()
#25 /home/sarthakedge/htdocs/sarthakedge.com/php_code_live/vendor/laravel/framework/src/Illuminate/Http/Response.php(35): Illuminate\\Http\\Response->setContent()
#26 /home/sarthakedge/htdocs/sarthakedge.com/php_code_live/vendor/laravel/framework/src/Illuminate/Routing/Router.php(918): Illuminate\\Http\\Response->__construct()
#27 /home/sarthakedge/htdocs/sarthakedge.com/php_code_live/vendor/laravel/framework/src/Illuminate/Routing/Router.php(885): Illuminate\\Routing\\Router::toResponse()
#28 /home/sarthakedge/htdocs/sarthakedge.com/php_code_live/vendor/laravel/framework/src/Illuminate/Routing/Router.php(805): Illuminate\\Routing\\Router->prepareResponse()
#29 /home/sarthakedge/htdocs/sarthakedge.com/php_code_live/vendor/laravel/framework/src/Illuminate/Pipeline/Pipeline.php(144): Illuminate\\Routing\\Router->{closure:Illuminate\\Routing\\Router::runRouteWithinStack():805}()
#30 /home/sarthakedge/htdocs/sarthakedge.com/php_code_live/app/Http/Middleware/CheckTwoFactorAuthenticated.php(40): Illuminate\\Pipeline\\Pipeline->{closure:Illuminate\\Pipeline\\Pipeline::prepareDestination():142}()
#31 /home/sarthakedge/htdocs/sarthakedge.com/php_code_live/vendor/laravel/framework/src/Illuminate/Pipeline/Pipeline.php(183): App\\Http\\Middleware\\CheckTwoFactorAuthenticated->handle()
#32 /home/sarthakedge/htdocs/sarthakedge.com/php_code_live/app/Http/Middleware/CheckForMaintenanceMode.php(32): Illuminate\\Pipeline\\Pipeline->{closure:{closure:Illuminate\\Pipeline\\Pipeline::carry():158}:159}()
#33 /home/sarthakedge/htdocs/sarthakedge.com/php_code_live/vendor/laravel/framework/src/Illuminate/Pipeline/Pipeline.php(183): App\\Http\\Middleware\\CheckForMaintenanceMode->handle()
#34 /home/sarthakedge/htdocs/sarthakedge.com/php_code_live/app/Http/Middleware/MustVerifyEmail.php(33): Illuminate\\Pipeline\\Pipeline->{closure:{closure:Illuminate\\Pipeline\\Pipeline::carry():158}:159}()
#35 /home/sarthakedge/htdocs/sarthakedge.com/php_code_live/vendor/laravel/framework/src/Illuminate/Pipeline/Pipeline.php(183): App\\Http\\Middleware\\MustVerifyEmail->handle()
#36 /home/sarthakedge/htdocs/sarthakedge.com/php_code_live/app/Http/Middleware/SwitchDatabase.php(55): Illuminate\\Pipeline\\Pipeline->{closure:{closure:Illuminate\\Pipeline\\Pipeline::carry():158}:159}()
#37 /home/sarthakedge/htdocs/sarthakedge.com/php_code_live/vendor/laravel/framework/src/Illuminate/Pipeline/Pipeline.php(183): App\\Http\\Middleware\\SwitchDatabase->handle()
#38 /home/sarthakedge/htdocs/sarthakedge.com/php_code_live/app/Http/Middleware/Status.php(42): Illuminate\\Pipeline\\Pipeline->{closure:{closure:Illuminate\\Pipeline\\Pipeline::carry():158}:159}()
#39 /home/sarthakedge/htdocs/sarthakedge.com/php_code_live/vendor/laravel/framework/src/Illuminate/Pipeline/Pipeline.php(183): App\\Http\\Middleware\\Status->handle()
#40 /home/sarthakedge/htdocs/sarthakedge.com/php_code_live/app/Http/Middleware/CheckSchoolStatus.php(107): Illuminate\\Pipeline\\Pipeline->{closure:{closure:Illuminate\\Pipeline\\Pipeline::carry():158}:159}()
#41 /home/sarthakedge/htdocs/sarthakedge.com/php_code_live/vendor/laravel/framework/src/Illuminate/Pipeline/Pipeline.php(183): App\\Http\\Middleware\\CheckSchoolStatus->handle()
#42 /home/sarthakedge/htdocs/sarthakedge.com/php_code_live/app/Http/Middleware/CheckRole.php(38): Illuminate\\Pipeline\\Pipeline->{closure:{closure:Illuminate\\Pipeline\\Pipeline::carry():158}:159}()
#43 /home/sarthakedge/htdocs/sarthakedge.com/php_code_live/vendor/laravel/framework/src/Illuminate/Pipeline/Pipeline.php(183): App\\Http\\Middleware\\CheckRole->handle()
#44 /home/sarthakedge/htdocs/sarthakedge.com/php_code_live/app/Http/Middleware/WizardSettings.php(29): Illuminate\\Pipeline\\Pipeline->{closure:{closure:Illuminate\\Pipeline\\Pipeline::carry():158}:159}()
#45 /home/sarthakedge/htdocs/sarthakedge.com/php_code_live/vendor/laravel/framework/src/Illuminate/Pipeline/Pipeline.php(183): App\\Http\\Middleware\\WizardSettings->handle()
#46 /home/sarthakedge/htdocs/sarthakedge.com/php_code_live/app/Http/Middleware/LanguageManager.php(61): Illuminate\\Pipeline\\Pipeline->{closure:{closure:Illuminate\\Pipeline\\Pipeline::carry():158}:159}()
#47 /home/sarthakedge/htdocs/sarthakedge.com/php_code_live/vendor/laravel/framework/src/Illuminate/Pipeline/Pipeline.php(183): App\\Http\\Middleware\\LanguageManager->handle()
#48 /home/sarthakedge/htdocs/sarthakedge.com/php_code_live/app/Http/Middleware/DemoMiddleware.php(68): Illuminate\\Pipeline\\Pipeline->{closure:{closure:Illuminate\\Pipeline\\Pipeline::carry():158}:159}()
#49 /home/sarthakedge/htdocs/sarthakedge.com/php_code_live/vendor/laravel/framework/src/Illuminate/Pipeline/Pipeline.php(183): App\\Http\\Middleware\\DemoMiddleware->handle()
#50 /home/sarthakedge/htdocs/sarthakedge.com/php_code_live/vendor/laravel/framework/src/Illuminate/Routing/Middleware/SubstituteBindings.php(50): Illuminate\\Pipeline\\Pipeline->{closure:{closure:Illuminate\\Pipeline\\Pipeline::carry():158}:159}()
#51 /home/sarthakedge/htdocs/sarthakedge.com/php_code_live/vendor/laravel/framework/src/Illuminate/Pipeline/Pipeline.php(183): Illuminate\\Routing\\Middleware\\SubstituteBindings->handle()
#52 /home/sarthakedge/htdocs/sarthakedge.com/php_code_live/vendor/laravel/framework/src/Illuminate/Foundation/Http/Middleware/VerifyCsrfToken.php(78): Illuminate\\Pipeline\\Pipeline->{closure:{closure:Illuminate\\Pipeline\\Pipeline::carry():158}:159}()
#53 /home/sarthakedge/htdocs/sarthakedge.com/php_code_live/vendor/laravel/framework/src/Illuminate/Pipeline/Pipeline.php(183): Illuminate\\Foundation\\Http\\Middleware\\VerifyCsrfToken->handle()
#54 /home/sarthakedge/htdocs/sarthakedge.com/php_code_live/vendor/laravel/framework/src/Illuminate/View/Middleware/ShareErrorsFromSession.php(49): Illuminate\\Pipeline\\Pipeline->{closure:{closure:Illuminate\\Pipeline\\Pipeline::carry():158}:159}()
#55 /home/sarthakedge/htdocs/sarthakedge.com/php_code_live/vendor/laravel/framework/src/Illuminate/Pipeline/Pipeline.php(183): Illuminate\\View\\Middleware\\ShareErrorsFromSession->handle()
#56 /home/sarthakedge/htdocs/sarthakedge.com/php_code_live/vendor/laravel/framework/src/Illuminate/Session/Middleware/StartSession.php(121): Illuminate\\Pipeline\\Pipeline->{closure:{closure:Illuminate\\Pipeline\\Pipeline::carry():158}:159}()
#57 /home/sarthakedge/htdocs/sarthakedge.com/php_code_live/vendor/laravel/framework/src/Illuminate/Session/Middleware/StartSession.php(64): Illuminate\\Session\\Middleware\\StartSession->handleStatefulRequest()
#58 /home/sarthakedge/htdocs/sarthakedge.com/php_code_live/vendor/laravel/framework/src/Illuminate/Pipeline/Pipeline.php(183): Illuminate\\Session\\Middleware\\StartSession->handle()
#59 /home/sarthakedge/htdocs/sarthakedge.com/php_code_live/vendor/laravel/framework/src/Illuminate/Cookie/Middleware/AddQueuedCookiesToResponse.php(37): Illuminate\\Pipeline\\Pipeline->{closure:{closure:Illuminate\\Pipeline\\Pipeline::carry():158}:159}()
#60 /home/sarthakedge/htdocs/sarthakedge.com/php_code_live/vendor/laravel/framework/src/Illuminate/Pipeline/Pipeline.php(183): Illuminate\\Cookie\\Middleware\\AddQueuedCookiesToResponse->handle()
#61 /home/sarthakedge/htdocs/sarthakedge.com/php_code_live/vendor/laravel/framework/src/Illuminate/Cookie/Middleware/EncryptCookies.php(67): Illuminate\\Pipeline\\Pipeline->{closure:{closure:Illuminate\\Pipeline\\Pipeline::carry():158}:159}()
#62 /home/sarthakedge/htdocs/sarthakedge.com/php_code_live/vendor/laravel/framework/src/Illuminate/Pipeline/Pipeline.php(183): Illuminate\\Cookie\\Middleware\\EncryptCookies->handle()
#63 /home/sarthakedge/htdocs/sarthakedge.com/php_code_live/packages/laravel-wizard-installer/src/Middleware/ToInstallMiddleware.php(39): Illuminate\\Pipeline\\Pipeline->{closure:{closure:Illuminate\\Pipeline\\Pipeline::carry():158}:159}()
#64 /home/sarthakedge/htdocs/sarthakedge.com/php_code_live/vendor/laravel/framework/src/Illuminate/Pipeline/Pipeline.php(183): dacoto\\LaravelWizardInstaller\\Middleware\\ToInstallMiddleware->handle()
#65 /home/sarthakedge/htdocs/sarthakedge.com/php_code_live/vendor/laravel/framework/src/Illuminate/Pipeline/Pipeline.php(119): Illuminate\\Pipeline\\Pipeline->{closure:{closure:Illuminate\\Pipeline\\Pipeline::carry():158}:159}()
#66 /home/sarthakedge/htdocs/sarthakedge.com/php_code_live/vendor/laravel/framework/src/Illuminate/Routing/Router.php(805): Illuminate\\Pipeline\\Pipeline->then()
#67 /home/sarthakedge/htdocs/sarthakedge.com/php_code_live/vendor/laravel/framework/src/Illuminate/Routing/Router.php(784): Illuminate\\Routing\\Router->runRouteWithinStack()
#68 /home/sarthakedge/htdocs/sarthakedge.com/php_code_live/vendor/laravel/framework/src/Illuminate/Routing/Router.php(748): Illuminate\\Routing\\Router->runRoute()
#69 /home/sarthakedge/htdocs/sarthakedge.com/php_code_live/vendor/laravel/framework/src/Illuminate/Routing/Router.php(737): Illuminate\\Routing\\Router->dispatchToRoute()
#70 /home/sarthakedge/htdocs/sarthakedge.com/php_code_live/vendor/laravel/framework/src/Illuminate/Foundation/Http/Kernel.php(200): Illuminate\\Routing\\Router->dispatch()
#71 /home/sarthakedge/htdocs/sarthakedge.com/php_code_live/vendor/laravel/framework/src/Illuminate/Pipeline/Pipeline.php(144): Illuminate\\Foundation\\Http\\Kernel->{closure:Illuminate\\Foundation\\Http\\Kernel::dispatchToRouter():197}()
#72 /home/sarthakedge/htdocs/sarthakedge.com/php_code_live/vendor/laravel/framework/src/Illuminate/Foundation/Http/Middleware/TransformsRequest.php(21): Illuminate\\Pipeline\\Pipeline->{closure:Illuminate\\Pipeline\\Pipeline::prepareDestination():142}()
#73 /home/sarthakedge/htdocs/sarthakedge.com/php_code_live/vendor/laravel/framework/src/Illuminate/Foundation/Http/Middleware/ConvertEmptyStringsToNull.php(31): Illuminate\\Foundation\\Http\\Middleware\\TransformsRequest->handle()
#74 /home/sarthakedge/htdocs/sarthakedge.com/php_code_live/vendor/laravel/framework/src/Illuminate/Pipeline/Pipeline.php(183): Illuminate\\Foundation\\Http\\Middleware\\ConvertEmptyStringsToNull->handle()
#75 /home/sarthakedge/htdocs/sarthakedge.com/php_code_live/vendor/laravel/framework/src/Illuminate/Foundation/Http/Middleware/TransformsRequest.php(21): Illuminate\\Pipeline\\Pipeline->{closure:{closure:Illuminate\\Pipeline\\Pipeline::carry():158}:159}()
#76 /home/sarthakedge/htdocs/sarthakedge.com/php_code_live/vendor/laravel/framework/src/Illuminate/Foundation/Http/Middleware/TrimStrings.php(40): Illuminate\\Foundation\\Http\\Middleware\\TransformsRequest->handle()
#77 /home/sarthakedge/htdocs/sarthakedge.com/php_code_live/vendor/laravel/framework/src/Illuminate/Pipeline/Pipeline.php(183): Illuminate\\Foundation\\Http\\Middleware\\TrimStrings->handle()
#78 /home/sarthakedge/htdocs/sarthakedge.com/php_code_live/vendor/laravel/framework/src/Illuminate/Foundation/Http/Middleware/ValidatePostSize.php(27): Illuminate\\Pipeline\\Pipeline->{closure:{closure:Illuminate\\Pipeline\\Pipeline::carry():158}:159}()
#79 /home/sarthakedge/htdocs/sarthakedge.com/php_code_live/vendor/laravel/framework/src/Illuminate/Pipeline/Pipeline.php(183): Illuminate\\Foundation\\Http\\Middleware\\ValidatePostSize->handle()
#80 /home/sarthakedge/htdocs/sarthakedge.com/php_code_live/vendor/laravel/framework/src/Illuminate/Foundation/Http/Middleware/PreventRequestsDuringMaintenance.php(99): Illuminate\\Pipeline\\Pipeline->{closure:{closure:Illuminate\\Pipeline\\Pipeline::carry():158}:159}()
#81 /home/sarthakedge/htdocs/sarthakedge.com/php_code_live/vendor/laravel/framework/src/Illuminate/Pipeline/Pipeline.php(183): Illuminate\\Foundation\\Http\\Middleware\\PreventRequestsDuringMaintenance->handle()
#82 /home/sarthakedge/htdocs/sarthakedge.com/php_code_live/vendor/laravel/framework/src/Illuminate/Http/Middleware/HandleCors.php(49): Illuminate\\Pipeline\\Pipeline->{closure:{closure:Illuminate\\Pipeline\\Pipeline::carry():158}:159}()
#83 /home/sarthakedge/htdocs/sarthakedge.com/php_code_live/vendor/laravel/framework/src/Illuminate/Pipeline/Pipeline.php(183): Illuminate\\Http\\Middleware\\HandleCors->handle()
#84 /home/sarthakedge/htdocs/sarthakedge.com/php_code_live/vendor/laravel/framework/src/Illuminate/Http/Middleware/TrustProxies.php(39): Illuminate\\Pipeline\\Pipeline->{closure:{closure:Illuminate\\Pipeline\\Pipeline::carry():158}:159}()
#85 /home/sarthakedge/htdocs/sarthakedge.com/php_code_live/vendor/laravel/framework/src/Illuminate/Pipeline/Pipeline.php(183): Illuminate\\Http\\Middleware\\TrustProxies->handle()
#86 /home/sarthakedge/htdocs/sarthakedge.com/php_code_live/vendor/laravel/framework/src/Illuminate/Pipeline/Pipeline.php(119): Illuminate\\Pipeline\\Pipeline->{closure:{closure:Illuminate\\Pipeline\\Pipeline::carry():158}:159}()
#87 /home/sarthakedge/htdocs/sarthakedge.com/php_code_live/vendor/laravel/framework/src/Illuminate/Foundation/Http/Kernel.php(175): Illuminate\\Pipeline\\Pipeline->then()
#88 /home/sarthakedge/htdocs/sarthakedge.com/php_code_live/vendor/laravel/framework/src/Illuminate/Foundation/Http/Kernel.php(144): Illuminate\\Foundation\\Http\\Kernel->sendRequestThroughRouter()
#89 /home/sarthakedge/htdocs/sarthakedge.com/php_code_live/public/index.php(51): Illuminate\\Foundation\\Http\\Kernel->handle()
#90 {main}
"} 
